// Jest Snapshot v1, https://goo.gl/fbAQLP

exports[`Storyshots Login Form Default 1`] = `
<form
  onSubmit={[Function]}
>
  <h3>
    Login form
  </h3>
  <div>
    <label>
      Username
      :
    </label>
    <input
      className="input"
      name="username"
      onBlur={[Function]}
      onChange={[Function]}
      onFocus={[Function]}
      placeholder="username"
      value=""
    />
  </div>
  <div>
    <label>
      Password
      :
    </label>
    <input
      className="input"
      name="password"
      onBlur={[Function]}
      onChange={[Function]}
      onFocus={[Function]}
      placeholder="password"
      type="password"
      value=""
    />
  </div>
  <button
    className="normal button"
    type="submit"
  >
    Submit
  </button>
</form>
`;
